chrom	chromStart	chromEnd	strand	donor	acceptor	transcripts
chr22	684	860	-	GT	AG	ENST00000470922.5,ENST00000451283.5,ENST00000215882.9
chr22	934	1017	-	GT	AG	ENST00000470922.5,ENST00000451283.5,ENST00000215882.9
chr22	1133	1285	-	GT	AG	ENST00000461267.1,ENST00000470922.5,ENST00000451283.5,ENST00000215882.9
chr22	1390	1559	-	GT	AG	ENST00000461267.1,ENST00000470922.5,ENST00000451283.5,ENST00000215882.9
chr22	1644	2166	-	GT	AG	ENST00000461267.1,ENST00000470922.5,ENST00000451283.5,ENST00000215882.9
chr22	2305	2381	-	GT	AG	ENST00000461267.1,ENST00000451283.5,ENST00000215882.9
chr22	2481	2572	-	GT	AG	ENST00000461267.1,ENST00000470922.5,ENST00000451283.5,ENST00000215882.9
chr22	2680	2826	-	GT	AG	ENST00000451283.5
chr22	2680	3019	-	GT	AG	ENST00000468824.1,ENST00000470922.5,ENST00000215882.9
