chrom	chromStart	chromEnd	strand	donor	acceptor
chr22	684	860	-	GT	AG
chr22	934	1017	-	GT	AG
chr22	1133	1285	-	GT	AG
chr22	1390	1559	-	GT	AG
chr22	1644	2166	-	GT	AG
chr22	2305	2381	-	GT	AG
chr22	2481	2572	-	GT	AG
chr22	2680	2826	-	GT	AG
chr22	2680	3019	-	GT	AG
