chrom	intronStart	intronEnd	strand	intronMotif	numUniqueMapReads	numMultiMapReads	geneIds
chr1	2396267	2397115	+	GT/AG	12	0	ENSG00000157916.19
chr1	3772788	3773062	+	GT/AG	2	0	ENSG00000235169.7
chr1	3900346	4039782	+	GT/AG	5	0	ENSG00000233304.6,ENSG00000236423.5
chr1	6825210	6853051	+	GT/AG	3	0	ENSG00000171735.18
chr1	7720231	7731544	-	GC/AG	1	0	
