numExprs	annotCnt	novelCnt	NONE_annot_cnt	WEAK_annot_cnt	MEDIUM_annot_cnt	STRONG_annot_cnt	NONE_novel_cnt	WEAK_novel_cnt	MEDIUM_novel_cnt	STRONG_novel_cnt
1	120	14	32	80	8	0	8	6	0	0
2	120	14	12	96	12	0	2	12	0	0
3	120	14	6	100	14	0	0	14	0	0
