ProjectID	Run	LibraryLayout
395533	ERR1855904	PAIRED
395533	ERR1855905	PAIRED
395533	ERR1855906	PAIRED
297220	SRR2537244	SINGLE
297220	SRR2537245	SINGLE
297220	SRR2537246	SINGLE
