id	src_symid	run_acc	org_code	tissue
1	SRA	SRR4055854	hs	
2	SRA	SRR3555865	hs	
3	SRA	SRR1700176	hs	
