id	run_metadata_id_id	mapping_symid	mapping_acc	mapping_parameters_id_id
1	3	czi-hs-SRR1700176		1
2	2	czi-hs-SRR3555865		1
3	1	czi-hs-SRR4055854		1
