geneId	geneName	transcriptId	transcriptType	chrom	intronStart	intronEnd	strand	intronMotif	numUniqueMapReads	numMultiMapReads
ENSG00000235169.7	SMIM1	ENST00000444870.6	protein_coding	chr1	3772841	3773062	+	##/##	0	0
ENSG00000235169.7	SMIM1	ENST00000444870.6	protein_coding	chr1	3773181	3775298	+	GT/AG	7	0
ENSG00000235169.7	SMIM1	ENST00000444870.6	protein_coding	chr1	3775483	3775794	+	GT/AG	10	0
ENSG00000130764.9	LRRC47	ENST00000462356.5	retained_intron	chr1	3781336	3781511	-	CT/AC	2	0
ENSG00000130764.9	LRRC47	ENST00000462356.5	retained_intron	chr1	3781601	3782660	-	CT/AC	3	0
ENSG00000130764.9	LRRC47	ENST00000462356.5	retained_intron	chr1	3782763	3783995	-	##/##	0	0
