geneId	geneName	transcriptId	transcriptType	chrom	intronStart	intronEnd	strand	intronMotif	numExprs	numUniqueMapReads	numMultiMapReads
ENSG00000235169.7	SMIM1	ENST00000444870.6	protein_coding	chr1	3772841	3773062	+	GT/AG	0	0	0
ENSG00000235169.7	SMIM1	ENST00000444870.6	protein_coding	chr1	3773181	3775298	+	GT/AG	1	7	0
ENSG00000235169.7	SMIM1	ENST00000444870.6	protein_coding	chr1	3775483	3775794	+	GT/AG	1	10	0
ENSG00000235169.7	SMIM1	ENST00000452264.1	protein_coding	chr1	3773181	3775298	+	GT/AG	1	7	0
ENSG00000235169.7	SMIM1	ENST00000561886.1	protein_coding	chr1	3773181	3775298	+	GT/AG	1	7	0
