chrom	chromStart	chromEnd	strand	donor	acceptor
chr22	11066015	11065973	-	AG	AG
chr22	11066515	11066500	+	GT	AG
chr22	15690314	15690077	+	GT	AG
chr22	15690709	15690025	+	GT	TT
chr22	15690709	15690245	+	GT	CA
chr22	15690709	15690425	+	GT	AC
chr22	15695485	15695370	+	GT	AG
chr22	15695818	15695644	+	GT	AG
chr22	15697629	15697373	+	GT	AG
chr22	15698768	15698661	+	GT	AG
chr22	15700215	15700077	+	GT	AG
chr22	15702756	15702685	+	GT	AG
chr22	15708090	15708019	+	GC	AG
chr22	15709826	15709781	+	GT	AG
chr22	15711034	15710867	+	GT	AG
chr22	15719778	15719659	+	GT	AG
chr22	16784409	16783411	-	TC	AG
chr22	16800024	16799770	-	GT	AG
chr22	16808083	16807738	-	GT	AG
chr22	16962876	16961935	-	GC	AG
chr22	16962876	16962459	-	AC	AG
chr22	16963829	16963724	-	GT	AG
chr22	16964862	16964765	-	GT	AG
chr22	16965268	16965177	-	GT	AG
chr22	16966364	16966099	-	GT	AG
chr22	16967481	16966099	-	GT	AG
chr22	16968383	16968297	-	GT	AG
chr22	16970193	16969942	-	GT	AG
chr22	16988116	16987959	-	GT	AG
chr22	16988167	16987959	-	GT	AG
chr22	16992176	16991872	-	GT	AG
