1	smallSet	small1A	human	http://fred.org/data/input/small-rnaseq.sam	small.sam			75	small RNA-Seq	micro brain
2	smallSet	small1B	human	http://fred.org/data/input/smallish-rnaseq.bam	small.bam			75	not so small RNA-Seq	macro brain
3	smallSet	small1-2	human	http://fred.org/data/input/smallFastqPair_1.fastq	smallFastqPair_1.fastq	http://fred.org/data/input/smallFastqPair_2.fastq	smallFastqPair_2.fastq	75	paired RNA-Seq	micro macro brain
