novel	intronMotif	intronCount	numUniqueMapReads	maxNumUniqueMapReads	numMultiMapReads	maxNumMultiMapReads	transcriptCount
0	GT/AG	9	8106	1988	5	4	29
1	CT/AC	5	28	10	0	0	0
