startAcc	endAcc	reason
AK074070.2	AK074070.2	nedo
BG217841.1	BG217842.1	athRage
CU453739.1	CU453739.1	orestes
DC296167.1	DC296167.1	nedo
