transcriptId	level
ENST00000319363.10	tsl1
ENST00000459971.1	tsl1
ENST00000477874.1	tsl3
ENST00000612619.1	tsl5
