transcriptId	level
ENST00000334060.8	tsl5
ENST00000381575.6	tsl1
ENST00000381578.6	tsl5
