transcriptId	evidSetUuid	support	evidCount	offset5	offset3	extend5Exons	extend3Exons
ENST00000381575.6	02c995e3-372c-4cde-b216-5d3376c51988	good	2	-89	-584	0	0
ENST00000381575.6	02c995e3-372c-4cde-b216-5d3376c51988	polymorphic	1	0	0	0	0
