transcriptId	level
ENST00000400588.5	tsl1
ENST00000465611.1	tsl2
ENST00000520505.5	tsl3
ENST00000523144.1	tsl3
ENST00000643316.1	tsl5
