id	transcriptId	level
1	ENST00000319363.10	tsl1
2	ENST00000459971.1	tsl1
3	ENST00000477874.1	tsl3
4	ENST00000612619.1	tsl5
5	ENST00000305877.12	tsl1
6	ENST00000359540.7	tsl1
7	ENST00000400588.5	tsl1
8	ENST00000465611.1	tsl1
9	ENST00000520505.5	tsl3
10	ENST00000523144.1	tsl3
