uniqLevel	multiLevel	count	rate
STRONG	STRONG	0	0.00
STRONG	MEDIUM	0	0.00
STRONG	WEAK	0	0.00
STRONG	NONE	0	0.00
MEDIUM	STRONG	0	0.00
MEDIUM	MEDIUM	0	0.00
MEDIUM	WEAK	6	0.03
MEDIUM	NONE	0	0.00
WEAK	STRONG	0	0.00
WEAK	MEDIUM	2	0.01
WEAK	WEAK	12	0.06
WEAK	NONE	22	0.12
NONE	STRONG	0	0.00
NONE	MEDIUM	0	0.00
NONE	WEAK	1	0.01
NONE	NONE	143	0.77
total	total	186	1.00
