fracIntrons	STRONG_cnt	MEDIUM_cnt	WEAK_cnt	NONE_cnt	STRONG_freq	MEDIUM_freq	WEAK_freq	NONE_freq
1.0	0	1	4	23	0.00	0.02	0.06	0.36
0.8	0	0	4	4	0.00	0.00	0.06	0.06
0.5	0	5	8	21	0.00	0.08	0.12	0.33
1e-05	0	2	18	10	0.00	0.03	0.28	0.16
0.0	0	0	0	0	0.00	0.00	0.00	0.00
