chrom	intronStart	intronEnd	strand	intronMotif	numExprs	numUniqueMapReads	numMultiMapReads	geneIds
chr22	10640152	10640484	+	GT/AG	1	0	1	
chr22	10640152	10640829	+	GT/AG	1	0	1	
chr22	10940707	10941688	-	GT/AG	1	0	13	ENSG00000283047.1
chr22	16001198	16010209	-	GT/AG	1	0	6	
