src_symid	run_acc	org_code	tumor	tissue
SRA	SRR4055854	hs	yes	Gastric
SRA	SRR3555865	hs	no	Gastric
SRA	SRR1700176	hs		
